# Licensed to the Apache Software Foundation (ASF) under one or more
# contributor license agreements.  See the NOTICE file distributed with
# this work for additional information regarding copyright ownership.
# The ASF licenses this file to You under the Apache License, Version 2.0
# (the "License"); you may not use this file except in compliance with
# the License.  You may obtain a copy of the License at
#
#     http://www.apache.org/licenses/LICENSE-2.0
#
# Unless required by applicable law or agreed to in writing, software
# distributed under the License is distributed on an "AS IS" BASIS,
# WITHOUT WARRANTIES OR CONDITIONS OF ANY KIND, either express or implied.
# See the License for the specific language governing permissions and
# limitations under the License.

nodes:
  - id: not null
    name: gateway:80
    type: ""
    serviceId: not null
    serviceName: gateway:80
    isReal: false
  - id: not null
    name: not null
    serviceId: not null
    serviceName: e2e-service-provider
    type: not null
    isReal: true
  - id: not null
    name: not null
    serviceId: not null
    serviceName: e2e-service-provider
    type: not null
    isReal: true
calls:
  - id: not null
    source: ${gateway:80[0]}
    target: ${.*@.*(.*)[0]}
  - id: not null
    source: ${gateway:80[0]}
    target: ${.*@.*(.*)[1]}
