# Licensed to the Apache Software Foundation (ASF) under one or more
# contributor license agreements.  See the NOTICE file distributed with
# this work for additional information regarding copyright ownership.
# The ASF licenses this file to You under the Apache License, Version 2.0
# (the "License"); you may not use this file except in compliance with
# the License.  You may obtain a copy of the License at
#
#     http://www.apache.org/licenses/LICENSE-2.0
#
# Unless required by applicable law or agreed to in writing, software
# distributed under the License is distributed on an "AS IS" BASIS,
# WITHOUT WARRANTIES OR CONDITIONS OF ANY KIND, either express or implied.
# See the License for the specific language governing permissions and
# limitations under the License.

spans:
  - spanId: 0
    parentSpanId: -1
    serviceCode: not null
    startTime: gt 0
    endTime: gt 0
    endpointName: '{POST}/profile/{name}'
    tags:
      - key: url
        value: not null
      - key: http.method
        value: POST
      - key: http.params
        value: "e2e=[true]"
  - spanId: 1
    parentSpanId: 0
    serviceCode: not null
    startTime: gt 0
    endTime: gt 0
    endpointName: H2/JDBI/PreparedStatement/executeQuery
    tags:
      - key: db.type
        value: sql
      - key: db.instance
        value: testdb
      - key: db.statement
        value: "call next value for hibernate_sequence"
  - spanId: 2
    parentSpanId: 0
    serviceCode: not null
    startTime: gt 0
    endTime: gt 0
    endpointName: H2/JDBI/PreparedStatement/executeUpdate
    tags:
      - key: db.type
        value: sql
      - key: db.instance
        value: testdb
      - key: db.statement
        value: "insert into user (name, id) values (?, ?)"
  - spanId: 3
    parentSpanId: 0
    serviceCode: not null
    startTime: gt 0
    endTime: gt 0
    endpointName: H2/JDBI/Connection/commit
    tags:
      - key: db.type
        value: sql
      - key: db.instance
        value: testdb
      - key: db.statement
        value:
  - spanId: 4
    parentSpanId: 0
    serviceCode: not null
    startTime: gt 0
    endTime: gt 0
    endpointName: H2/JDBI/Connection/commit
    tags:
      - key: db.type
        value: sql
      - key: db.instance
        value: testdb
      - key: db.statement
        value:
