# Licensed to the Apache Software Foundation (ASF) under one or more
# contributor license agreements.  See the NOTICE file distributed with
# this work for additional information regarding copyright ownership.
# The ASF licenses this file to You under the Apache License, Version 2.0
# (the "License"); you may not use this file except in compliance with
# the License.  You may obtain a copy of the License at
#
#     http://www.apache.org/licenses/LICENSE-2.0
#
# Unless required by applicable law or agreed to in writing, software
# distributed under the License is distributed on an "AS IS" BASIS,
# WITHOUT WARRANTIES OR CONDITIONS OF ANY KIND, either express or implied.
# See the License for the specific language governing permissions and
# limitations under the License.

nodes:
  - id: not null
    name: e2e::ratings
    type: http
    isReal: true
  - id: not null
    name: e2e::reviews
    type: http
    isReal: true
  - id: not null
    name: e2e::productpage
    isReal: true
  - id: not null
    name: e2e::details
    type: http
    isReal: true
  - id: not null
    name: e2e::istio-ingressgateway
    type: http
    isReal: true
  - id: not null
    name: UNKNOWN
    isReal: true
calls:
  - id: not null
    source: VU5LTk9XTg==.1
    target: ZTJlOjppc3Rpby1pbmdyZXNzZ2F0ZXdheQ==.1
    detectPoints:
      - SERVER
  - id: not null
    source: ZTJlOjppc3Rpby1pbmdyZXNzZ2F0ZXdheQ==.1
    target: ZTJlOjpwcm9kdWN0cGFnZQ==.1
    detectPoints:
      - CLIENT
      - SERVER
  - id: not null
    source: ZTJlOjpwcm9kdWN0cGFnZQ==.1
    target: ZTJlOjpyZXZpZXdz.1
    detectPoints:
      - CLIENT
      - SERVER
  - id: not null
    source: ZTJlOjpwcm9kdWN0cGFnZQ==.1
    target: ZTJlOjpkZXRhaWxz.1
    detectPoints:
      - CLIENT
      - SERVER
  - id: not null
    source: ZTJlOjpyZXZpZXdz.1
    target: ZTJlOjpyYXRpbmdz.1
    detectPoints:
      - CLIENT
      - SERVER
