# Licensed to the Apache Software Foundation (ASF) under one or more
# contributor license agreements.  See the NOTICE file distributed with
# this work for additional information regarding copyright ownership.
# The ASF licenses this file to You under the Apache License, Version 2.0
# (the "License"); you may not use this file except in compliance with
# the License.  You may obtain a copy of the License at
#
#     http://www.apache.org/licenses/LICENSE-2.0
#
# Unless required by applicable law or agreed to in writing, software
# distributed under the License is distributed on an "AS IS" BASIS,
# WITHOUT WARRANTIES OR CONDITIONS OF ANY KIND, either express or implied.
# See the License for the specific language governing permissions and
# limitations under the License.

nodes:
  - id: VXNlcg==.0
    name: User
    type: USER
    isReal: false
  - id: WW91cl9BcHBsaWNhdGlvbk5hbWU=.1
    name: Your_ApplicationName
    type: Tomcat
    isReal: true
  - id: not null
    name: "localhost:-1"
    type: H2
    isReal: false
calls:
  - id: not null
    source: WW91cl9BcHBsaWNhdGlvbk5hbWU=.1
    target: not null
    detectPoints:
      - CLIENT
  - id: VXNlcg==.0-WW91cl9BcHBsaWNhdGlvbk5hbWU=.1
    source: VXNlcg==.0
    target: WW91cl9BcHBsaWNhdGlvbk5hbWU=.1
    detectPoints:
      - SERVER
