# Licensed to the Apache Software Foundation (ASF) under one or more
# contributor license agreements.  See the NOTICE file distributed with
# this work for additional information regarding copyright ownership.
# The ASF licenses this file to You under the Apache License, Version 2.0
# (the "License"); you may not use this file except in compliance with
# the License.  You may obtain a copy of the License at
#
#     http://www.apache.org/licenses/LICENSE-2.0
#
# Unless required by applicable law or agreed to in writing, software
# distributed under the License is distributed on an "AS IS" BASIS,
# WITHOUT WARRANTIES OR CONDITIONS OF ANY KIND, either express or implied.
# See the License for the specific language governing permissions and
# limitations under the License.

nodes:
  - id: not null
    name: consumer-instance
    serviceId: not null
    serviceName: consumer
    isReal: true
  - id: not null
    name: not null
    serviceId: not null
    serviceName: Your_ApplicationName
    isReal: true
calls:
  - id: not null
    source: Y29uc3VtZXI=.1_Y29uc3VtZXItaW5zdGFuY2U=
    detectPoints:
      - CLIENT
      - SERVER
    target: not null
