# Licensed to the Apache Software Foundation (ASF) under one or more
# contributor license agreements.  See the NOTICE file distributed with
# this work for additional information regarding copyright ownership.
# The ASF licenses this file to You under the Apache License, Version 2.0
# (the "License"); you may not use this file except in compliance with
# the License.  You may obtain a copy of the License at
#
#     http://www.apache.org/licenses/LICENSE-2.0
#
# Unless required by applicable law or agreed to in writing, software
# distributed under the License is distributed on an "AS IS" BASIS,
# WITHOUT WARRANTIES OR CONDITIONS OF ANY KIND, either express or implied.
# See the License for the specific language governing permissions and
# limitations under the License.

# VXNlcg== user
# cGhwLXNoYWRvdw== php-shadow
# cGhw php

nodes:
  - id: VXNlcg==.0
    name: User
    type: USER
    isReal: false
  - id: cGhwLXNoYWRvdw==.1
    name: php-shadow
    type: http
    isReal: true
  - id: cGhw.1
    name: php
    type: http
    isReal: true
calls:
  - id: VXNlcg==.0-cGhw.1
    source: VXNlcg==.0
    detectPoints:
      - SERVER
    target: cGhw.1
  - id: cGhw.1-cGhwLXNoYWRvdw==.1
    source: cGhw.1
    detectPoints:
      - CLIENT
      - SERVER
    target: cGhwLXNoYWRvdw==.1